+delucia.map_provisioner [Provisioner|Cobbler]: 5219 4012 0 1 5 False 5 10 0
+delucia.map_banker [Banker|Minter]: 5275 3977 0 1 5 False 5 10 0
+delucia.map_blacksmith [Blacksmith|BlacksmithGuildmaster]: 5225 4000 0 1 5 False 5 10 0
+delucia.map_innkeeper [Innkeeper]: 5197 4060 0 1 5 False 5 10 0
+delucia.map_animaltrainer [AnimalTrainer]: 5297 4007 0 1 5 False 5 10 0
+delucia.map_tailor [Tailor|Weaver|TailorGuildmaster]: 5234 4025 0 1 5 False 5 10 0
+delucia.map_healer [Healer|HealerGuildMaster]: 5191 3989 0 1 5 False 5 10 0
+delucia.map_mage [Mage|Alchemist|MageGuildMaster]: 5296 3978 0 1 5 False 5 10 0
+delucia.map_bird [Bird|Cat|Dog|Rat]: 5255 4000 0 6 80 False 5 15 0
+delucia.map_chicken_sheep_cow_bull [Chicken|Sheep|Cow|Bull]: 5267 4012 0 5 15 False 5 10 0
+guards [WarriorGuard]: 5189 4062 0 2 50 True 5 10 0
+guards [WarriorGuard]: 5247 4052 0 2 50 True 5 10 0
+guards [WarriorGuard]: 5274 3997 0 2 50 True 5 10 0
+guards [WarriorGuard]: 5262 3944 0 2 50 True 5 10 0
+guards [WarriorGuard]: 5275 3943 0 2 50 True 5 10 0
+guards [WarriorGuard]: 5199 3999 0 2 50 True 5 10 0
+guards [WarriorGuard]: 5208 3953 0 2 50 True 5 10 0
+guards [WarriorGuard]: 5208 4027 0 2 50 True 5 10 0
+guards [WarriorGuard]: 5171 4059 0 2 50 True 5 10 0
+animals [BigPig|Cat|Bull|Chicken|Cow|Crow|Doe|Dog|Eagle|ForestBird|Goat|GreatHart|Magpie|Pig|Rabbit|Raven|SewerRat|Sheep|TropicalBird]: 5249 4028 0 25 80 False 5 10 0
+animals [BigPig|Cat|Bull|Chicken|Cow|Crow|Doe|Dog|Eagle|ForestBird|Goat|GreatHart|Magpie|Pig|Rabbit|Raven|SewerRat|Sheep|TropicalBird]: 5172 3998 0 25 80 False 5 10 0
+animals [BigPig|Cat|Bull|Chicken|Cow|Crow|Doe|Dog|Eagle|ForestBird|Goat|GreatHart|Magpie|Pig|Rabbit|Raven|SewerRat|Sheep|TropicalBird]: 5235 3973 0 25 80 False 5 10 0
+animals [BigPig|Cat|Bull|Chicken|Cow|Crow|Doe|Dog|Eagle|ForestBird|Goat|GreatHart|Magpie|Pig|Rabbit|Raven|SewerRat|Sheep|TropicalBird]: 5213 4064 0 25 80 False 5 10 0
+townlife [Fighter|Gambler|Mercenary|Messenger|Noble|Peasant|Thief|Warrior]: 5203 4042 0 5 50 False 5 10 0
+townlife [Fighter|Gambler|Mercenary|Messenger|Noble|Peasant|Thief|Warrior]: 5212 3997 0 5 50 False 5 10 0
+townlife [Fighter|Gambler|Mercenary|Messenger|Noble|Peasant|Thief|Warrior]: 5281 4009 0 5 50 False 5 10 0
+townlife [Fighter|Gambler|Mercenary|Messenger|Noble|Peasant|Thief|Warrior]: 5220 3977 0 5 50 False 5 10 0
+inn [Waiter|Waitress]: 5197 4065 0 2 15 True 5 10 0
+inn_life [SeekerOfAdventure|Sculpter|Peasant|Mercenary|Thief|Gambler|Fighter|Beggar|Artist|Actor]: 5199 4067 0 6 15 True 5 10 0
+mages [Mage]: 5285 3981 0 2 10 True 5 10 0
