+lost_lands.map_imp [Imp|Scorpion|DesertOstard|Orc|OrcishLord|StoneHarpy]: 5457 2651 0 15 150 False 5 10 0
+lost_lands.map_stonegargoyle [StoneGargoyle|Wyvern|Mummy|Ettin]: 5457 2651 0 3 150 False 5 10 0
+lost_lands.map_imp [Imp|Scorpion|DesertOstard|Orc|OrcishLord|StoneHarpy]: 5520 2890 0 10 100 False 5 10 0
+lost_lands.map_stonegargoyle [StoneGargoyle|Wyvern|Mummy|Ettin]: 5520 2890 0 3 100 False 5 10 0
+lost_lands.map_gazer [Gazer|Reaper|Scorpion|GiantSerpent|Troll]: 5580 2885 0 3 15 False 5 10 0
+lost_lands.map_corpser [Corpser|GiantSpider|Troll|Harpy|Ettin|Gazer]: 5557 2625 0 3 40 False 5 10 0
+lost_lands.map_cyclops [Cyclops|Titan]: 5394 2530 0 5 25 False 5 10 0
+lost_lands.map_imp [Imp|Scorpion|DesertOstard|Orc|OrcishLord|Wyvern]: 5711 2494 0 3 80 False 5 10 0
+lost_lands.map_ettin [Ettin]: 5711 2494 0 2 80 False 5 10 0
+lost_lands.map_ophidianarchmage [OphidianArchmage|OphidianMage|OphidianMatriarch|OphidianKnight|OphidianWarrior]: 5765 2637 0 3 30 False 5 10 0
+lost_lands.map_wyvern [Wyvern|Drake|Imp|Mongbat]: 5697 2626 0 2 30 False 5 10 0
+lost_lands.map_imp [Imp|Scorpion|DesertOstard|Orc|OrcishLord|StoneHarpy]: 5729 2767 0 8 70 False 5 10 0
+lost_lands.map_stonegargoyle [StoneGargoyle|Wyvern|Mummy|Ettin]: 5729 2767 0 3 70 False 5 10 0
+lost_lands.map_hellhound [HellHound|LavaLizard|FireElemental|Efreet|HellCat|LavaSerpent]: 5724 2949 0 8 75 False 5 10 0
+lost_lands.map_lavasnake [LavaSnake]: 5724 2949 0 15 75 False 5 10 0
+lost_lands.map_wyvern [Wyvern]: 5863 2470 0 6 25 False 5 10 0
+lost_lands.map_iceserpent [IceSerpent|IceSnake|FrostTroll|SnowElemental|WhiteWolf|Walrus]: 5501 2361 0 4 75 False 5 10 0
+lost_lands.map_polarbear [PolarBear]: 5501 2361 0 5 75 False 5 10 0
+lost_lands.map_iceserpent [IceSerpent|IceSnake|FrostTroll|SnowElemental|WhiteWolf|Walrus]: 5351 2359 0 4 75 False 5 10 0
+lost_lands.map_polarbear [PolarBear]: 5351 2359 0 5 75 False 5 10 0
+lost_lands.map_iceserpent [IceSerpent|IceSnake|FrostTroll|SnowElemental|WhiteWolf|Walrus]: 5173 2368 0 4 50 False 5 10 0
+lost_lands.map_polarbear [PolarBear]: 5173 2368 0 3 50 False 5 10 0
+lost_lands.map_iceserpent [IceSerpent|IceSnake|SnowElemental|WhiteWolf|Walrus|PolarBear]: 6091 2379 0 6 60 False 5 10 0
+lost_lands.map_iceserpent [IceSerpent|IceSnake|FrostTroll|SnowElemental|WhiteWolf|Walrus]: 5967 2370 0 6 75 False 5 10 0
+lost_lands.map_polarbear [PolarBear]: 5967 2370 0 4 75 False 5 10 0
+lost_lands.map_iceserpent [IceSerpent|IceSnake|FrostTroll|SnowElemental|WhiteWolf|Walrus]: 5817 2367 0 6 75 False 5 10 0
+lost_lands.map_polarbear [PolarBear]: 5817 2367 0 4 75 False 5 10 0
+lost_lands.map_gorilla [Gorilla|Panther|GiantSerpent|SilverSerpent|Mongbat]: 5756 3453 0 10 130 False 5 10 0
+lost_lands.map_gianttoad [GiantToad|GiantRat|Alligator|SewerRat]: 5985 3441 0 8 90 False 5 10 0
+lost_lands.map_bullfrog [BullFrog|SwampTentacle]: 5985 3441 0 15 90 False 5 10 0
+lost_lands.map_boneknight [BoneKnight|SkeletalKnight|BoneMagi|Skeleton|Wraith|Ghoul]: 5220 3664 0 3 25 False 5 10 0
+lost_lands.map_horse [Horse|Orc|OrcishLord|GreatHart|Hind|RidableLlama]: 5347 3449 0 4 50 False 5 10 0
+lost_lands.map_horse [Horse|Orc|OrcishLord|GreatHart|Hind|RidableLlama]: 5243 3548 0 4 50 False 5 10 0
+lost_lands.map_horse [Horse|Orc|OrcishLord|GreatHart|Hind|RidableLlama]: 5250 3449 0 4 50 False 5 10 0
+lost_lands.map_horse [Horse|Orc|OrcishLord|GreatHart|Hind|RidableLlama]: 5349 3547 0 4 50 False 5 10 0
+lost_lands.map_brownbear_grizzlybear_blackbear [BrownBear|GrizzlyBear|BlackBear|Horse|RidableLlama|Rabbit|JackRabbit|Bird|Cougar|GreatHart]: 5201 3162 0 6 50 False 5 10 0
+lost_lands.map_hind [Hind|Llama|TimberWolf]: 5201 3162 0 2 50 False 5 10 0
+lost_lands.map_brownbear_grizzlybear_blackbear [BrownBear|GrizzlyBear|BlackBear|Horse|RidableLlama|Rabbit|JackRabbit|Bird|Cougar|GreatHart]: 5251 3301 0 6 50 False 5 10 0
+lost_lands.map_hind [Hind|Llama|TimberWolf]: 5251 3301 0 2 50 False 5 10 0
+lost_lands.map_brownbear_grizzlybear_blackbear [BrownBear|GrizzlyBear|BlackBear|Horse|RidableLlama|Rabbit|JackRabbit|Bird|Cougar|GreatHart]: 5250 3401 0 6 50 False 5 10 0
+lost_lands.map_hind [Hind|Llama|TimberWolf]: 5250 3401 0 2 50 False 5 10 0
+lost_lands.map_brownbear_grizzlybear_blackbear [BrownBear|GrizzlyBear|BlackBear|Horse|RidableLlama|Rabbit|JackRabbit|Bird|Cougar|GreatHart]: 5351 3401 0 6 50 False 5 10 0
+lost_lands.map_hind [Hind|Llama|TimberWolf]: 5351 3401 0 2 50 False 5 10 0
+lost_lands.map_brownbear_grizzlybear_blackbear [BrownBear|GrizzlyBear|BlackBear|Horse|RidableLlama|Rabbit|JackRabbit|Bird|Cougar|GreatHart]: 6018 3673 0 3 50 False 5 10 0
+lost_lands.map_hind [Hind|Llama|TimberWolf|Corpser|Ettin|ForestOstard]: 6018 3673 0 1 50 False 5 10 0
+lost_lands.map_gazer [Gazer|GiantSpider|Harpy|HeadlessOne|Lizardman|Mongbat]: 6018 3673 0 1 50 False 5 10 0
+lost_lands.map_rat [Rat|Ratman|Reaper|Troll]: 6018 3673 0 1 50 False 5 10 0
+lost_lands.map_brownbear_grizzlybear_blackbear [BrownBear|GrizzlyBear|BlackBear|Horse|RidableLlama|Rabbit|JackRabbit|Bird|Cougar|GreatHart]: 6022 3773 0 3 50 False 5 10 0
+lost_lands.map_hind [Hind|Llama|TimberWolf|Corpser|Ettin|ForestOstard]: 6022 3773 0 1 50 False 5 10 0
+lost_lands.map_gazer [Gazer|GiantSpider|Harpy|HeadlessOne|Lizardman|Mongbat]: 6022 3773 0 1 50 False 5 10 0
+lost_lands.map_rat [Rat|Ratman|Reaper|Troll]: 6022 3773 0 1 50 False 5 10 0
+lost_lands.map_brownbear_grizzlybear_blackbear [BrownBear|GrizzlyBear|BlackBear|Horse|RidableLlama|Rabbit|JackRabbit|Bird|Cougar|GreatHart]: 6022 2874 0 3 50 False 5 10 0
+lost_lands.map_hind [Hind|Llama|TimberWolf|Corpser|Ettin|ForestOstard]: 6022 2874 0 1 50 False 5 10 0
+lost_lands.map_gazer [Gazer|GiantSpider|Harpy|HeadlessOne|Lizardman|Mongbat]: 6022 2874 0 1 50 False 5 10 0
+lost_lands.map_rat [Rat|Ratman|Reaper|Troll]: 6022 2874 0 1 50 False 5 10 0
+lost_lands.map_brownbear_grizzlybear_blackbear [BrownBear|GrizzlyBear|BlackBear|Horse|RidableLlama|Rabbit|JackRabbit|Bird|Cougar|GreatHart]: 6022 3971 0 3 50 False 5 10 0
+lost_lands.map_hind [Hind|Llama|TimberWolf|Corpser|Ettin|ForestOstard]: 6022 3971 0 1 50 False 5 10 0
+lost_lands.map_gazer [Gazer|GiantSpider|Harpy|HeadlessOne|Lizardman|Mongbat]: 6022 3971 0 1 50 False 5 10 0
+lost_lands.map_rat [Rat|Ratman|Reaper|Troll]: 6022 3971 0 1 50 False 5 10 0
+lost_lands.map_brownbear_grizzlybear_blackbear [BrownBear|GrizzlyBear|BlackBear|Horse|RidableLlama|Rabbit|JackRabbit|Bird|Cougar|GreatHart]: 5920 3675 0 3 50 False 5 10 0
+lost_lands.map_hind [Hind|Llama|TimberWolf|Corpser|Ettin|ForestOstard]: 5920 3675 0 1 50 False 5 10 0
+lost_lands.map_gazer [Gazer|GiantSpider|Harpy|HeadlessOne|Lizardman|Mongbat]: 5920 3675 0 1 50 False 5 10 0
+lost_lands.map_rat [Rat|Ratman|Reaper|Troll]: 5920 3675 0 1 50 False 5 10 0
+lost_lands.map_brownbear_grizzlybear_blackbear [BrownBear|GrizzlyBear|BlackBear|Horse|RidableLlama|Rabbit|JackRabbit|Bird|Cougar|GreatHart]: 5921 3777 0 3 50 False 5 10 0
+lost_lands.map_hind [Hind|Llama|TimberWolf|Corpser|Ettin|ForestOstard]: 5921 3777 0 1 50 False 5 10 0
+lost_lands.map_gazer [Gazer|GiantSpider|Harpy|HeadlessOne|Lizardman|Mongbat]: 5921 3777 0 1 50 False 5 10 0
+lost_lands.map_rat [Rat|Ratman|Reaper|Troll]: 5921 3777 0 1 50 False 5 10 0
+lost_lands.map_brownbear_grizzlybear_blackbear [BrownBear|GrizzlyBear|BlackBear|Horse|RidableLlama|Rabbit|JackRabbit|Bird|Cougar|GreatHart]: 5919 3875 0 3 50 False 5 10 0
+lost_lands.map_hind [Hind|Llama|TimberWolf|Corpser|Ettin|ForestOstard]: 5919 3875 0 1 50 False 5 10 0
+lost_lands.map_gazer [Gazer|GiantSpider|Harpy|HeadlessOne|Lizardman|Mongbat]: 5919 3875 0 1 50 False 5 10 0
+lost_lands.map_rat [Rat|Ratman|Reaper|Troll]: 5919 3875 0 1 50 False 5 10 0
+lost_lands.map_brownbear_grizzlybear_blackbear [BrownBear|GrizzlyBear|BlackBear|Horse|RidableLlama|Rabbit|JackRabbit|Bird|Cougar|GreatHart]: 5918 3975 0 3 50 False 5 10 0
+lost_lands.map_hind [Hind|Llama|TimberWolf|Corpser|Ettin|ForestOstard]: 5918 3975 0 1 50 False 5 10 0
+lost_lands.map_gazer [Gazer|GiantSpider|Harpy|HeadlessOne|Lizardman|Mongbat]: 5918 3975 0 1 50 False 5 10 0
+lost_lands.map_rat [Rat|Ratman|Reaper|Troll]: 5918 3975 0 1 50 False 5 10 0
+lost_lands.map_brownbear_grizzlybear_blackbear [BrownBear|GrizzlyBear|BlackBear|Horse|RidableLlama|Rabbit|JackRabbit|Bird|Cougar|GreatHart]: 5820 3675 0 3 50 False 5 10 0
+lost_lands.map_hind [Hind|Llama|TimberWolf|Corpser|Ettin|ForestOstard]: 5820 3675 0 1 50 False 5 10 0
+lost_lands.map_gazer [Gazer|GiantSpider|Harpy|HeadlessOne|Lizardman|Mongbat]: 5820 3675 0 1 50 False 5 10 0
+lost_lands.map_rat [Rat|Ratman|Reaper|Troll]: 5820 3675 0 1 50 False 5 10 0
+lost_lands.map_brownbear_grizzlybear_blackbear [BrownBear|GrizzlyBear|BlackBear|Horse|RidableLlama|Rabbit|JackRabbit|Bird|Cougar|GreatHart]: 5820 3775 0 3 50 False 5 10 0
+lost_lands.map_hind [Hind|Llama|TimberWolf|Corpser|Ettin|ForestOstard]: 5820 3775 0 1 50 False 5 10 0
+lost_lands.map_gazer [Gazer|GiantSpider|Harpy|HeadlessOne|Lizardman|Mongbat]: 5820 3775 0 1 50 False 5 10 0
+lost_lands.map_rat [Rat|Ratman|Reaper|Troll]: 5820 3775 0 1 50 False 5 10 0
+lost_lands.map_brownbear_grizzlybear_blackbear [BrownBear|GrizzlyBear|BlackBear|Horse|RidableLlama|Rabbit|JackRabbit|Bird|Cougar|GreatHart]: 5818 3876 0 3 50 False 5 10 0
+lost_lands.map_hind [Hind|Llama|TimberWolf|Corpser|Ettin|ForestOstard]: 5818 3876 0 1 50 False 5 10 0
+lost_lands.map_gazer [Gazer|GiantSpider|Harpy|HeadlessOne|Lizardman|Mongbat]: 5818 3876 0 1 50 False 5 10 0
+lost_lands.map_rat [Rat|Ratman|Reaper|Troll]: 5818 3876 0 1 50 False 5 10 0
+lost_lands.map_brownbear_grizzlybear_blackbear [BrownBear|GrizzlyBear|BlackBear|Horse|RidableLlama|Rabbit|JackRabbit|Bird|Cougar|GreatHart]: 5819 3974 0 3 50 False 5 10 0
+lost_lands.map_hind [Hind|Llama|TimberWolf|Corpser|Ettin|ForestOstard]: 5819 3974 0 1 50 False 5 10 0
+lost_lands.map_gazer [Gazer|GiantSpider|Harpy|HeadlessOne|Lizardman|Mongbat]: 5819 3974 0 1 50 False 5 10 0
+lost_lands.map_rat [Rat|Ratman|Reaper|Troll]: 5819 3974 0 1 50 False 5 10 0
+lost_lands.map_brownbear_grizzlybear_blackbear [BrownBear|GrizzlyBear|BlackBear|Horse|RidableLlama|Rabbit|JackRabbit|Bird|Cougar|GreatHart]: 5721 3675 0 3 50 False 5 10 0
+lost_lands.map_hind [Hind|Llama|TimberWolf|Corpser|Ettin|ForestOstard]: 5721 3675 0 1 50 False 5 10 0
+lost_lands.map_gazer [Gazer|GiantSpider|Harpy|HeadlessOne|Lizardman|Mongbat]: 5721 3675 0 1 50 False 5 10 0
+lost_lands.map_rat [Rat|Ratman|Reaper|Troll]: 5721 3675 0 1 50 False 5 10 0
+lost_lands.map_brownbear_grizzlybear_blackbear [BrownBear|GrizzlyBear|BlackBear|Horse|RidableLlama|Rabbit|JackRabbit|Bird|Cougar|GreatHart]: 5722 3776 0 3 50 False 5 10 0
+lost_lands.map_hind [Hind|Llama|TimberWolf|Corpser|Ettin|ForestOstard]: 5722 3776 0 1 50 False 5 10 0
+lost_lands.map_gazer [Gazer|GiantSpider|Harpy|HeadlessOne|Lizardman|Mongbat]: 5722 3776 0 1 50 False 5 10 0
+lost_lands.map_rat [Rat|Ratman|Reaper|Troll]: 5722 3776 0 1 50 False 5 10 0
+lost_lands.map_brownbear_grizzlybear_blackbear [BrownBear|GrizzlyBear|BlackBear|Horse|RidableLlama|Rabbit|JackRabbit|Bird|Cougar|GreatHart]: 5721 3876 0 3 50 False 5 10 0
+lost_lands.map_hind [Hind|Llama|TimberWolf|Corpser|Ettin|ForestOstard]: 5721 3876 0 1 50 False 5 10 0
+lost_lands.map_gazer [Gazer|GiantSpider|Harpy|HeadlessOne|Lizardman|Mongbat]: 5721 3876 0 1 50 False 5 10 0
+lost_lands.map_rat [Rat|Ratman|Reaper|Troll]: 5721 3876 0 1 50 False 5 10 0
+lost_lands.map_brownbear_grizzlybear_blackbear [BrownBear|GrizzlyBear|BlackBear|Horse|RidableLlama|Rabbit|JackRabbit|Bird|Cougar|GreatHart]: 5721 3975 0 3 50 False 5 10 0
+lost_lands.map_hind [Hind|Llama|TimberWolf|Corpser|Ettin|ForestOstard]: 5721 3975 0 1 50 False 5 10 0
+lost_lands.map_gazer [Gazer|GiantSpider|Harpy|HeadlessOne|Lizardman|Mongbat]: 5721 3975 0 1 50 False 5 10 0
+lost_lands.map_rat [Rat|Ratman|Reaper|Troll]: 5721 3975 0 1 50 False 5 10 0
+lost_lands.map_brownbear_grizzlybear_blackbear [BrownBear|GrizzlyBear|BlackBear|Horse|RidableLlama|Rabbit|JackRabbit|Bird|Cougar|GreatHart]: 5623 3676 0 3 50 False 5 10 0
+lost_lands.map_hind [Hind|Llama|TimberWolf|Corpser|Ettin|ForestOstard]: 5623 3676 0 1 50 False 5 10 0
+lost_lands.map_gazer [Gazer|GiantSpider|Harpy|HeadlessOne|Lizardman|Mongbat]: 5623 3676 0 1 50 False 5 10 0
+lost_lands.map_rat [Rat|Ratman|Reaper|Troll]: 5623 3676 0 1 50 False 5 10 0
+lost_lands.map_brownbear_grizzlybear_blackbear [BrownBear|GrizzlyBear|BlackBear|Horse|RidableLlama|Rabbit|JackRabbit|Bird|Cougar|GreatHart]: 5621 3775 0 3 50 False 5 10 0
+lost_lands.map_hind [Hind|Llama|TimberWolf|Corpser|Ettin|ForestOstard]: 5621 3775 0 1 50 False 5 10 0
+lost_lands.map_gazer [Gazer|GiantSpider|Harpy|HeadlessOne|Lizardman|Mongbat]: 5621 3775 0 1 50 False 5 10 0
+lost_lands.map_rat [Rat|Ratman|Reaper|Troll]: 5621 3775 0 1 50 False 5 10 0
+lost_lands.map_brownbear_grizzlybear_blackbear [BrownBear|GrizzlyBear|BlackBear|Horse|RidableLlama|Rabbit|JackRabbit|Bird|Cougar|GreatHart]: 5623 3875 0 3 50 False 5 10 0
+lost_lands.map_hind [Hind|Llama|TimberWolf|Corpser|Ettin|ForestOstard]: 5623 3875 0 1 50 False 5 10 0
+lost_lands.map_gazer [Gazer|GiantSpider|Harpy|HeadlessOne|Lizardman|Mongbat]: 5623 3875 0 1 50 False 5 10 0
+lost_lands.map_rat [Rat|Ratman|Reaper|Troll]: 5623 3875 0 1 50 False 5 10 0
+lost_lands.map_brownbear_grizzlybear_blackbear [BrownBear|GrizzlyBear|BlackBear|Horse|RidableLlama|Rabbit|JackRabbit|Bird|Cougar|GreatHart]: 5624 3975 0 3 50 False 5 10 0
+lost_lands.map_hind [Hind|Llama|TimberWolf|Corpser|Ettin|ForestOstard]: 5624 3975 0 1 50 False 5 10 0
+lost_lands.map_gazer [Gazer|GiantSpider|Harpy|HeadlessOne|Lizardman|Mongbat]: 5624 3975 0 1 50 False 5 10 0
+lost_lands.map_rat [Rat|Ratman|Reaper|Troll]: 5624 3975 0 1 50 False 5 10 0
+lost_lands.map_brownbear_grizzlybear_blackbear [BrownBear|GrizzlyBear|BlackBear|Horse|RidableLlama|Rabbit|JackRabbit|Bird|Cougar|GreatHart]: 5523 3676 0 3 50 False 5 10 0
+lost_lands.map_hind [Hind|Llama|TimberWolf|Corpser|Ettin|ForestOstard]: 5523 3676 0 1 50 False 5 10 0
+lost_lands.map_gazer [Gazer|GiantSpider|Harpy|HeadlessOne|Lizardman|Mongbat]: 5523 3676 0 1 50 False 5 10 0
+lost_lands.map_rat [Rat|Ratman|Reaper|Troll]: 5523 3676 0 1 50 False 5 10 0
+lost_lands.map_brownbear_grizzlybear_blackbear [BrownBear|GrizzlyBear|BlackBear|Horse|RidableLlama|Rabbit|JackRabbit|Bird|Cougar|GreatHart]: 5521 3775 0 3 50 False 5 10 0
+lost_lands.map_hind [Hind|Llama|TimberWolf|Corpser|Ettin|ForestOstard]: 5521 3775 0 1 50 False 5 10 0
+lost_lands.map_gazer [Gazer|GiantSpider|Harpy|HeadlessOne|Lizardman|Mongbat]: 5521 3775 0 1 50 False 5 10 0
+lost_lands.map_rat [Rat|Ratman|Reaper|Troll]: 5521 3775 0 1 50 False 5 10 0
+lost_lands.map_brownbear_grizzlybear_blackbear [BrownBear|GrizzlyBear|BlackBear|Horse|RidableLlama|Rabbit|JackRabbit|Bird|Cougar|GreatHart]: 5521 3875 0 3 50 False 5 10 0
+lost_lands.map_hind [Hind|Llama|TimberWolf|Corpser|Ettin|ForestOstard]: 5521 3875 0 1 50 False 5 10 0
+lost_lands.map_gazer [Gazer|GiantSpider|Harpy|HeadlessOne|Lizardman|Mongbat]: 5521 3875 0 1 50 False 5 10 0
+lost_lands.map_rat [Rat|Ratman|Reaper|Troll]: 5521 3875 0 1 50 False 5 10 0
+lost_lands.map_brownbear_grizzlybear_blackbear [BrownBear|GrizzlyBear|BlackBear|Horse|RidableLlama|Rabbit|JackRabbit|Bird|Cougar|GreatHart]: 5478 3587 0 3 50 False 5 10 0
+lost_lands.map_hind [Hind|Llama|TimberWolf|Corpser|Ettin|ForestOstard]: 5478 3587 0 1 50 False 5 10 0
+lost_lands.map_gazer [Gazer|GiantSpider|Harpy|HeadlessOne|Lizardman|Mongbat]: 5478 3587 0 1 50 False 5 10 0
+lost_lands.map_rat [Rat|Ratman|Reaper|Troll]: 5478 3587 0 1 50 False 5 10 0
+lost_lands.map_forestostard [ForestOstard|RidableLlama]: 5520 3939 0 3 25 False 5 10 0
+lost_lands.map_frenziedostard [FrenziedOstard]: 5784 3951 0 8 35 False 5 10 0
+lost_lands.map_imp [Imp|Mongbat]: 5764 2585 0 2 75 False 5 10 0
+lost_lands.map_imp [Imp|Harpy|HeadlessOne|Scorpion|StoneHarpy|Wyvern]: 5838 2651 0 1 75 False 5 10 0
+lost_lands.map_rabbit_jackrabbit [Rabbit|JackRabbit|Bird|Rat|Hind|Llama|Horse]: 5218 3786 0 20 50 False 5 10 0
+lost_lands.map_mongbat [Mongbat|GreatHart]: 5218 3786 0 4 50 False 5 10 0
+lost_lands.map_rabbit_jackrabbit [Rabbit|JackRabbit|Bird|Rat|Hind|Llama|Horse]: 5371 3820 0 20 50 False 5 10 0
+lost_lands.map_mongbat [Mongbat|GreatHart]: 5371 3820 0 4 50 False 5 10 0
+lost_lands.map_rabbit_jackrabbit [Rabbit|JackRabbit|Bird|Rat|Hind|Llama|Horse]: 5368 3887 0 20 50 False 5 10 0
+lost_lands.map_mongbat [Mongbat|GreatHart]: 5368 3887 0 4 50 False 5 10 0
+lost_lands.map_rabbit_jackrabbit [Rabbit|JackRabbit|Bird|Rat|Hind|Llama|Horse]: 5367 4003 0 20 50 False 5 10 0
+lost_lands.map_mongbat [Mongbat|GreatHart]: 5367 4003 0 4 50 False 5 10 0
+lost_lands.map_rabbit_jackrabbit [Rabbit|JackRabbit|Bird|Rat|Hind|Llama|Horse]: 5466 4005 0 20 50 False 5 10 0
+lost_lands.map_mongbat [Mongbat|GreatHart]: 5466 4005 0 4 50 False 5 10 0
+lost_lands.map_bull [Bull|GreatHart|Cow]: 5194 3885 0 10 45 False 5 10 0
+lost_lands.map_bull [Bull|GreatHart|Cow]: 5200 3895 0 2 20 False 5 10 0
+lost_lands.map_sheep [Sheep|Goat|Bull|Chicken]: 5159 3913 0 7 10 False 2 5 0
+lost_lands.map_gorilla [Gorilla|Panther|GiantSerpent|SilverSerpent|Mongbat]: 5570 3153 0 6 80 False 5 10 0
+lost_lands.map_gorilla [Gorilla|Panther|GiantSerpent|Mongbat|SilverSerpent]: 5440 3292 0 5 62 False 5 10 0
+lost_lands.map_gorilla [Gorilla|Panther|GiantSerpent|Mongbat|SilverSerpent]: 5566 3292 0 5 62 False 5 10 0
+lost_lands.map_terathanmatriarch [TerathanMatriarch|TerathanAvenger|TerathanDrone|TerathanWarrior]: 5454 3136 0 2 25 False 5 10 0
+lost_lands.map_ophidianmatriarch_ophidianarchmage [OphidianMatriarch|OphidianArchmage|OphidianMage|OphidianKnight|OphidianWarrior]: 5490 3071 0 1 25 False 5 10 0
+lost_lands.map_ophidianmatriarch_ophidianarchmage [OphidianMatriarch|OphidianArchmage|OphidianMage|OphidianKnight|OphidianWarrior]: 5467 3078 0 1 25 False 5 10 0
+lost_lands.map_ophidianmatriarch_ophidianarchmage [OphidianMatriarch|OphidianArchmage|OphidianMage|OphidianKnight|OphidianWarrior]: 5446 3074 0 1 25 False 5 10 0
+lost_lands.map_ophidianmatriarch_ophidianarchmage [OphidianMatriarch|OphidianArchmage|OphidianMage|OphidianKnight|OphidianWarrior]: 5432 3079 0 1 25 False 5 10 0
+lost_lands.map_ophidianmatriarch_ophidianarchmage [OphidianMatriarch|OphidianArchmage|OphidianMage|OphidianKnight|OphidianWarrior]: 5408 3077 0 1 25 False 5 10 0
+generalwildlife [BlackBear|BrownBear|Bull|Cougar|DireWolf|Doe|Eagle|ForestBird|Goat|Gorilla|GreatHart|GreyWolf|GrizzlyBear|Horse|JackRabbit|Llama|Magpie|MountainGoat|Panther|Pig|Rabbit|Raven|Sheep|SmallSnake|TimberWolf|TropicalBird]: 5672 3919 0 50 300 False 5 10 0
+generalwildlife [BlackBear|BrownBear|Bull|Cougar|DireWolf|Doe|Eagle|ForestBird|Goat|Gorilla|GreatHart|GreyWolf|GrizzlyBear|Horse|JackRabbit|Llama|Magpie|MountainGoat|Panther|Pig|Rabbit|Raven|Sheep|SmallSnake|TimberWolf|TropicalBird]: 5589 3621 0 50 300 False 5 10 0
+generalwildlife [BlackBear|BrownBear|Bull|Cougar|DireWolf|Doe|Eagle|ForestBird|Goat|Gorilla|GreatHart|GreyWolf|GrizzlyBear|Horse|JackRabbit|Llama|Magpie|MountainGoat|Panther|Pig|Rabbit|Raven|Sheep|SmallSnake|TimberWolf|TropicalBird]: 5993 3600 0 50 300 False 5 10 0
+generalwildlife [BlackBear|BrownBear|Bull|Cougar|DireWolf|Doe|Eagle|ForestBird|Goat|Gorilla|GreatHart|GreyWolf|GrizzlyBear|Horse|JackRabbit|Llama|Magpie|MountainGoat|Panther|Pig|Rabbit|Raven|Sheep|SmallSnake|TimberWolf|TropicalBird]: 6057 3948 0 50 300 False 5 10 0
+generalwildlife [BlackBear|BrownBear|Bull|Cougar|DireWolf|Doe|Eagle|ForestBird|Goat|Gorilla|GreatHart|GreyWolf|GrizzlyBear|Horse|JackRabbit|Llama|Magpie|MountainGoat|Panther|Pig|Rabbit|Raven|Sheep|SmallSnake|TimberWolf|TropicalBird]: 5499 3327 0 50 300 False 5 10 0
+generalwildlife [BlackBear|BrownBear|Bull|Cougar|DireWolf|Doe|Eagle|ForestBird|Goat|Gorilla|GreatHart|GreyWolf|GrizzlyBear|Horse|JackRabbit|Llama|Magpie|MountainGoat|Panther|Pig|Rabbit|Raven|Sheep|SmallSnake|TimberWolf|TropicalBird]: 5610 3105 0 50 300 False 5 10 0
+generalwildlife [BlackBear|BrownBear|Bull|Cougar|DireWolf|Doe|Eagle|ForestBird|Goat|Gorilla|GreatHart|GreyWolf|GrizzlyBear|Horse|JackRabbit|Llama|Magpie|MountainGoat|Panther|Pig|Rabbit|Raven|Sheep|SmallSnake|TimberWolf|TropicalBird]: 5395 3266 0 50 300 False 5 10 0
+generalwildlife [BlackBear|BrownBear|Bull|Cougar|DireWolf|Doe|Eagle|ForestBird|Goat|Gorilla|GreatHart|GreyWolf|GrizzlyBear|Horse|JackRabbit|Llama|Magpie|MountainGoat|Panther|Pig|Rabbit|Raven|Sheep|SmallSnake|TimberWolf|TropicalBird]: 5289 3771 0 50 300 False 5 10 0
+generalwildlife [BlackBear|BrownBear|Bull|Cougar|DireWolf|Doe|Eagle|ForestBird|Goat|Gorilla|GreatHart|GreyWolf|GrizzlyBear|Horse|JackRabbit|Llama|Magpie|MountainGoat|Panther|Pig|Rabbit|Raven|Sheep|SmallSnake|TimberWolf|TropicalBird]: 5314 3510 0 50 300 False 5 10 0
+generalwildlife [BlackBear|BrownBear|Bull|Cougar|DireWolf|Doe|Eagle|ForestBird|Goat|Gorilla|GreatHart|GreyWolf|GrizzlyBear|Horse|JackRabbit|Llama|Magpie|MountainGoat|Panther|Pig|Rabbit|Raven|Sheep|SmallSnake|TimberWolf|TropicalBird]: 5941 3321 0 50 300 False 5 10 0
+generalwildlife [BlackBear|BrownBear|Bull|Cougar|DireWolf|Doe|Eagle|ForestBird|Goat|Gorilla|GreatHart|GreyWolf|GrizzlyBear|Horse|JackRabbit|Llama|Magpie|MountainGoat|Panther|Pig|Rabbit|Raven|Sheep|SmallSnake|TimberWolf|TropicalBird]: 5608 4049 0 50 300 False 5 10 0
+generalwildlife [BlackBear|BrownBear|Bull|Cougar|DireWolf|Doe|Eagle|ForestBird|Goat|Gorilla|GreatHart|GreyWolf|GrizzlyBear|Horse|JackRabbit|Llama|Magpie|MountainGoat|Panther|Pig|Rabbit|Raven|Sheep|SmallSnake|TimberWolf|TropicalBird]: 6067 3491 0 50 300 False 5 10 0
+generalwildlife [BlackBear|BrownBear|Bull|Cougar|DireWolf|Doe|Eagle|ForestBird|Goat|Gorilla|GreatHart|GreyWolf|GrizzlyBear|Horse|JackRabbit|Llama|Magpie|MountainGoat|Panther|Pig|Rabbit|Raven|Sheep|SmallSnake|TimberWolf|TropicalBird]: 5507 3245 0 50 300 False 5 10 0
+generalwildlife [BlackBear|BrownBear|Bull|Cougar|DireWolf|Doe|Eagle|ForestBird|Goat|Gorilla|GreatHart|GreyWolf|GrizzlyBear|Horse|JackRabbit|Llama|Magpie|MountainGoat|Panther|Pig|Rabbit|Raven|Sheep|SmallSnake|TimberWolf|TropicalBird]: 5377 4062 0 50 300 False 5 10 0
+generalwildlife [BlackBear|BrownBear|Bull|Cougar|DireWolf|Doe|Eagle|ForestBird|Goat|Gorilla|GreatHart|GreyWolf|GrizzlyBear|Horse|JackRabbit|Llama|Magpie|MountainGoat|Panther|Pig|Rabbit|Raven|Sheep|SmallSnake|TimberWolf|TropicalBird]: 5673 3357 0 50 300 False 5 10 0
+generalwildlife [BlackBear|BrownBear|Bull|Cougar|DireWolf|Doe|Eagle|ForestBird|Goat|Gorilla|GreatHart|GreyWolf|GrizzlyBear|Horse|JackRabbit|Llama|Magpie|MountainGoat|Panther|Pig|Rabbit|Raven|Sheep|SmallSnake|TimberWolf|TropicalBird]: 6094 2958 0 50 300 False 5 10 0
+generalwildlife [BlackBear|BrownBear|Bull|Cougar|DireWolf|Doe|Eagle|ForestBird|Goat|Gorilla|GreatHart|GreyWolf|GrizzlyBear|Horse|JackRabbit|Llama|Magpie|MountainGoat|Panther|Pig|Rabbit|Raven|Sheep|SmallSnake|TimberWolf|TropicalBird]: 5147 2910 0 50 300 False 5 10 0
+generalwildlife [BlackBear|BrownBear|Bull|Cougar|DireWolf|Doe|Eagle|ForestBird|Goat|Gorilla|GreatHart|GreyWolf|GrizzlyBear|Horse|JackRabbit|Llama|Magpie|MountainGoat|Panther|Pig|Rabbit|Raven|Sheep|SmallSnake|TimberWolf|TropicalBird]: 5244 3240 0 50 300 False 5 10 0
+generalwildlife [BlackBear|BrownBear|Bull|Cougar|DireWolf|Doe|Eagle|ForestBird|Goat|Gorilla|GreatHart|GreyWolf|GrizzlyBear|Horse|JackRabbit|Llama|Magpie|MountainGoat|Panther|Pig|Rabbit|Raven|Sheep|SmallSnake|TimberWolf|TropicalBird]: 5548 3808 0 50 300 False 5 10 0
+generalwildlife [BlackBear|BrownBear|Bull|Cougar|DireWolf|Doe|Eagle|ForestBird|Goat|Gorilla|GreatHart|GreyWolf|GrizzlyBear|Horse|JackRabbit|Llama|Magpie|MountainGoat|Panther|Pig|Rabbit|Raven|Sheep|SmallSnake|TimberWolf|TropicalBird]: 5684 3480 0 50 300 False 5 10 0
+generalwildlife [BlackBear|BrownBear|Bull|Cougar|DireWolf|Doe|Eagle|ForestBird|Goat|Gorilla|GreatHart|GreyWolf|GrizzlyBear|Horse|JackRabbit|Llama|Magpie|MountainGoat|Panther|Pig|Rabbit|Raven|Sheep|SmallSnake|TimberWolf|TropicalBird]: 5496 3458 0 50 300 False 5 10 0
