+papua.map_minter [Minter|Banker]: 5669 3131 0 1 5 False 2 10 0
+papua.map_mageguildmaster [MageGuildMaster|Alchemist|Mage]: 5731 3192 0 1 5 False 2 10 0
+papua.map_tinkerguildmaster [TinkerGuildMaster|Tinker]: 5726 3243 0 1 5 False 2 10 0
+papua.map_jeweler [Jeweler]: 5662 3150 0 1 5 False 2 10 0
+papua.map_animaltrainer [AnimalTrainer]: 5671 3287 0 1 5 False 2 10 0
+papua.map_butcher [Butcher]: 5698 3282 0 1 5 False 2 10 0
+papua.map_weaponsmith [Weaponsmith|Armorer]: 5805 3300 0 1 5 False 2 10 0
+papua.map_customhairstylist [customhairstylist|Alchemist|Herbalist]: 5714 3202 0 1 5 False 2 10 0
+papua.map_tailorguildmaster [TailorGuildmaster|Weaver|Tailor]: 5752 3272 0 1 5 False 2 10 0
+papua.map_fisherman [Fisherman]: 5839 3256 0 1 5 False 2 10 0
+papua.map_baker [Baker]: 5746 3200 0 1 5 False 2 10 0
+papua.map_innkeeper [Innkeeper]: 5775 3161 0 1 5 False 2 10 0
+papua.map_healerguildmaster [HealerGuildMaster|Healer]: 5737 3222 0 1 5 False 2 10 0
+papua.map_realestatebroker [realestatebroker|Architect|Carpenter]: 5691 3209 0 1 5 False 2 10 0
+papua.map_cobbler [Cobbler|Provisioner]: 5736 3263 0 1 5 False 2 10 0
+papua.map_bird [Bird|Cat|Dog|Rat]: 5726 3211 0 12 100 False 5 15 0
+guards [WarriorGuard]: 5739 3246 0 2 50 False 5 15 0
+guards [WarriorGuard]: 5683 3282 0 2 50 False 5 15 0
+guards [WarriorGuard]: 5710 3217 0 2 50 False 5 15 0
+guards [WarriorGuard]: 5824 3266 0 2 50 False 5 15 0
+guards [WarriorGuard]: 5774 3205 0 2 50 False 5 15 0
+guards [WarriorGuard]: 5675 3145 0 2 50 False 5 15 0
+guards [WarriorGuard]: 5672 3133 0 2 50 False 5 15 0
+wildlife [BigPig|Bull|Cat|Chicken|Cow|Crow|Doe|Dog|Eagle|ForestBird|Goat|GreatHart|Magpie|Pig|Rabbit|Raven|SewerRat|Sheep|TropicalBird]: 5708 3243 0 50 100 False 5 15 0
+wildlife [BigPig|Bull|Cat|Chicken|Cow|Crow|Doe|Dog|Eagle|ForestBird|Goat|GreatHart|Magpie|Pig|Rabbit|Raven|SewerRat|Sheep|TropicalBird]: 5734 3132 0 50 100 False 5 15 0
+wildlife [BigPig|Bull|Cat|Chicken|Cow|Crow|Doe|Dog|Eagle|ForestBird|Goat|GreatHart|Magpie|Pig|Rabbit|Raven|SewerRat|Sheep|TropicalBird]: 5795 3206 0 50 100 False 5 15 0
+townlife [Beggar|Fighter|Mercenary|Messenger|Noble|Peasant|Sailor|Thief|Warrior|Gambler]: 5724 3285 0 15 50 False 5 15 0
+townlife [Beggar|Fighter|Mercenary|Messenger|Noble|Peasant|Sailor|Thief|Warrior|Gambler]: 5762 3217 0 15 50 False 5 15 0
+townlife [Beggar|Fighter|Mercenary|Messenger|Noble|Peasant|Sailor|Thief|Warrior|Gambler]: 5716 3190 0 15 50 False 5 15 0
+townlife [Beggar|Fighter|Mercenary|Messenger|Noble|Peasant|Sailor|Thief|Warrior|Gambler]: 5802 3287 0 15 50 False 5 15 0
+inn [Waiter|Waitress|Sailor|Warrior|Peasant|Fighter|Gambler|Beggar|BrideGroom|Artist|Actor]: 5770 3163 0 4 15 True 5 45 0
+inn [Waiter|Waitress|Sailor|Warrior|Peasant|Fighter|Gambler|Beggar|BrideGroom|Artist|Actor]: 5770 3160 0 4 15 True 5 45 0
+inn [Waiter|Waitress|Sailor|Warrior|Peasant|Fighter|Gambler|Beggar|BrideGroom|Artist|Actor]: 5768 3163 0 4 15 True 5 45 0
+inn_personnel [Waiter|Waitress]: 5772 3163 0 2 15 True 5 45 0
+inn_personnel [Waiter|Waitress]: 5772 3159 0 2 15 True 5 45 0
+docks [Mapmaker|Shipwright]: 5802 3274 0 3 5 True 2 10 0
+docks [SewerRat]: 5825 3260 0 3 25 True 2 10 0
+docks [SewerRat]: 5834 3255 0 3 25 True 2 10 0
+docks [SewerRat]: 5824 3243 0 3 25 True 2 10 0
+docks [Peasant|Sailor|Fisherman]: 5836 3255 0 5 30 True 2 10 0
+docks [Peasant|Sailor|Fisherman]: 5832 3240 0 5 30 True 2 10 0
+docks [Shipwright]: 5802 3273 0 1 20 True 2 10 0
+docks_harb [HarborMaster]: 5799 3272 0 1 25 True 2 10 0
