+regs_lostlands [BlackPearl|Bloodmoss|Garlic|Ginseng|MandrakeRoot|Nightshade|SpidersSilk|SulfurousAsh]: 5254 3915 0 160 200 False 2.5 10.0 0
+regs_lostlands [BlackPearl|Bloodmoss|Garlic|Ginseng|MandrakeRoot|Nightshade|SpidersSilk|SulfurousAsh]: 5158 3913 0 160 200 False 2.5 10.0 0
+regs_lostlands [BlackPearl|Bloodmoss|Garlic|Ginseng|MandrakeRoot|Nightshade|SpidersSilk|SulfurousAsh]: 5165 3839 0 160 200 False 2.5 10.0 0
+regs_lostlands [BlackPearl|Bloodmoss|Garlic|Ginseng|MandrakeRoot|Nightshade|SpidersSilk|SulfurousAsh]: 5251 3838 0 160 200 False 2.5 10.0 0
+regs_lostlands [BlackPearl|Bloodmoss|Garlic|Ginseng|MandrakeRoot|Nightshade|SpidersSilk|SulfurousAsh]: 5276 3757 0 160 200 False 2.5 10.0 0
+regs_lostlands [BlackPearl|Bloodmoss|Garlic|Ginseng|MandrakeRoot|Nightshade|SpidersSilk|SulfurousAsh]: 5377 3898 0 160 200 False 2.5 10.0 0
+regs_lostlands [BlackPearl|Bloodmoss|Garlic|Ginseng|MandrakeRoot|Nightshade|SpidersSilk|SulfurousAsh]: 5441 3913 0 160 200 False 2.5 10.0 0
+regs_lostlands [BlackPearl|Bloodmoss|Garlic|Ginseng|MandrakeRoot|Nightshade|SpidersSilk|SulfurousAsh]: 5361 4046 0 160 200 False 2.5 10.0 0
+regs_lostlands [BlackPearl|Bloodmoss|Garlic|Ginseng|MandrakeRoot|Nightshade|SpidersSilk|SulfurousAsh]: 5514 4012 0 160 200 False 2.5 10.0 0
+regs_lostlands [BlackPearl|Bloodmoss|Garlic|Ginseng|MandrakeRoot|Nightshade|SpidersSilk|SulfurousAsh]: 5624 4043 0 160 200 False 2.5 10.0 0
+regs_lostlands [BlackPearl|Bloodmoss|Garlic|Ginseng|MandrakeRoot|Nightshade|SpidersSilk|SulfurousAsh]: 5648 3964 0 160 200 False 2.5 10.0 0
+regs_lostlands [BlackPearl|Bloodmoss|Garlic|Ginseng|MandrakeRoot|Nightshade|SpidersSilk|SulfurousAsh]: 5582 3892 0 160 200 False 2.5 10.0 0
+regs_lostlands [BlackPearl|Bloodmoss|Garlic|Ginseng|MandrakeRoot|Nightshade|SpidersSilk|SulfurousAsh]: 5521 3832 0 160 200 False 2.5 10.0 0
+regs_lostlands [BlackPearl|Bloodmoss|Garlic|Ginseng|MandrakeRoot|Nightshade|SpidersSilk|SulfurousAsh]: 5588 3768 0 160 200 False 2.5 10.0 0
+regs_lostlands [BlackPearl|Bloodmoss|Garlic|Ginseng|MandrakeRoot|Nightshade|SpidersSilk|SulfurousAsh]: 5765 3965 0 160 200 False 2.5 10.0 0
+regs_lostlands [BlackPearl|Bloodmoss|Garlic|Ginseng|MandrakeRoot|Nightshade|SpidersSilk|SulfurousAsh]: 5728 3860 0 160 200 False 2.5 10.0 0
+regs_lostlands [BlackPearl|Bloodmoss|Garlic|Ginseng|MandrakeRoot|Nightshade|SpidersSilk|SulfurousAsh]: 5760 3691 0 160 200 False 2.5 10.0 0
+regs_lostlands [BlackPearl|Bloodmoss|Garlic|Ginseng|MandrakeRoot|Nightshade|SpidersSilk|SulfurousAsh]: 5887 3905 0 160 200 False 2.5 10.0 0
+regs_lostlands [BlackPearl|Bloodmoss|Garlic|Ginseng|MandrakeRoot|Nightshade|SpidersSilk|SulfurousAsh]: 6018 3965 0 160 200 False 2.5 10.0 0
+regs_lostlands [BlackPearl|Bloodmoss|Garlic|Ginseng|MandrakeRoot|Nightshade|SpidersSilk|SulfurousAsh]: 5952 4069 0 160 200 False 2.5 10.0 0
+regs_lostlands [BlackPearl|Bloodmoss|Garlic|Ginseng|MandrakeRoot|Nightshade|SpidersSilk|SulfurousAsh]: 6116 3870 0 160 200 False 2.5 10.0 0
+regs_lostlands [BlackPearl|Bloodmoss|Garlic|Ginseng|MandrakeRoot|Nightshade|SpidersSilk|SulfurousAsh]: 6085 3790 0 160 200 False 2.5 10.0 0
+regs_lostlands [BlackPearl|Bloodmoss|Garlic|Ginseng|MandrakeRoot|Nightshade|SpidersSilk|SulfurousAsh]: 5998 3814 0 160 200 False 2.5 10.0 0
+regs_lostlands [BlackPearl|Bloodmoss|Garlic|Ginseng|MandrakeRoot|Nightshade|SpidersSilk|SulfurousAsh]: 5948 3744 0 160 200 False 2.5 10.0 0
+regs_lostlands [BlackPearl|Bloodmoss|Garlic|Ginseng|MandrakeRoot|Nightshade|SpidersSilk|SulfurousAsh]: 5923 3639 0 160 200 False 2.5 10.0 0
+regs_lostlands [BlackPearl|Bloodmoss|Garlic|Ginseng|MandrakeRoot|Nightshade|SpidersSilk|SulfurousAsh]: 6064 3647 0 160 200 False 2.5 10.0 0
+regs_lostlands [BlackPearl|Bloodmoss|Garlic|Ginseng|MandrakeRoot|Nightshade|SpidersSilk|SulfurousAsh]: 5965 3547 0 160 200 False 2.5 10.0 0
+regs_lostlands [BlackPearl|Bloodmoss|Garlic|Ginseng|MandrakeRoot|Nightshade|SpidersSilk|SulfurousAsh]: 5974 3354 0 160 200 False 2.5 10.0 0
+regs_lostlands [BlackPearl|Bloodmoss|Garlic|Ginseng|MandrakeRoot|Nightshade|SpidersSilk|SulfurousAsh]: 6102 3458 0 160 200 False 2.5 10.0 0
+regs_lostlands [BlackPearl|Bloodmoss|Garlic|Ginseng|MandrakeRoot|Nightshade|SpidersSilk|SulfurousAsh]: 5849 3462 0 160 200 False 2.5 10.0 0
+regs_lostlands [BlackPearl|Bloodmoss|Garlic|Ginseng|MandrakeRoot|Nightshade|SpidersSilk|SulfurousAsh]: 5612 3475 0 160 200 False 2.5 10.0 0
+regs_lostlands [BlackPearl|Bloodmoss|Garlic|Ginseng|MandrakeRoot|Nightshade|SpidersSilk|SulfurousAsh]: 5572 3291 0 160 200 False 2.5 10.0 0
+regs_lostlands [BlackPearl|Bloodmoss|Garlic|Ginseng|MandrakeRoot|Nightshade|SpidersSilk|SulfurousAsh]: 5709 3077 0 160 200 False 2.5 10.0 0
+regs_lostlands [BlackPearl|Bloodmoss|Garlic|Ginseng|MandrakeRoot|Nightshade|SpidersSilk|SulfurousAsh]: 5444 3406 0 160 200 False 2.5 10.0 0
+regs_lostlands [BlackPearl|Bloodmoss|Garlic|Ginseng|MandrakeRoot|Nightshade|SpidersSilk|SulfurousAsh]: 5462 3603 0 160 200 False 2.5 10.0 0
+regs_lostlands [BlackPearl|Bloodmoss|Garlic|Ginseng|MandrakeRoot|Nightshade|SpidersSilk|SulfurousAsh]: 5308 3635 0 160 200 False 2.5 10.0 0
+regs_lostlands [BlackPearl|Bloodmoss|Garlic|Ginseng|MandrakeRoot|Nightshade|SpidersSilk|SulfurousAsh]: 5235 3578 0 160 200 False 2.5 10.0 0
+regs_lostlands [BlackPearl|Bloodmoss|Garlic|Ginseng|MandrakeRoot|Nightshade|SpidersSilk|SulfurousAsh]: 5289 3444 0 160 200 False 2.5 10.0 0
+regs_lostlands [BlackPearl|Bloodmoss|Garlic|Ginseng|MandrakeRoot|Nightshade|SpidersSilk|SulfurousAsh]: 5216 3316 0 160 200 False 2.5 10.0 0
+regs_lostlands [BlackPearl|Bloodmoss|Garlic|Ginseng|MandrakeRoot|Nightshade|SpidersSilk|SulfurousAsh]: 5433 3206 0 160 200 False 2.5 10.0 0
+regs_lostlands [BlackPearl|Bloodmoss|Garlic|Ginseng|MandrakeRoot|Nightshade|SpidersSilk|SulfurousAsh]: 5514 2898 0 160 200 False 2.5 10.0 0
+regs_lostlands [BlackPearl|Bloodmoss|Garlic|Ginseng|MandrakeRoot|Nightshade|SpidersSilk|SulfurousAsh]: 5674 2951 0 160 200 False 2.5 10.0 0
+regs_lostlands [BlackPearl|Bloodmoss|Garlic|Ginseng|MandrakeRoot|Nightshade|SpidersSilk|SulfurousAsh]: 5623 2790 0 160 200 False 2.5 10.0 0
+regs_lostlands [BlackPearl|Bloodmoss|Garlic|Ginseng|MandrakeRoot|Nightshade|SpidersSilk|SulfurousAsh]: 5549 2664 0 160 200 False 2.5 10.0 0
+regs_lostlands [BlackPearl|Bloodmoss|Garlic|Ginseng|MandrakeRoot|Nightshade|SpidersSilk|SulfurousAsh]: 5675 2631 0 160 200 False 2.5 10.0 0
+regs_lostlands [BlackPearl|Bloodmoss|Garlic|Ginseng|MandrakeRoot|Nightshade|SpidersSilk|SulfurousAsh]: 5387 2520 0 160 200 False 2.5 10.0 0
+regs_lostlands [BlackPearl|Bloodmoss|Garlic|Ginseng|MandrakeRoot|Nightshade|SpidersSilk|SulfurousAsh]: 5173 2610 0 160 200 False 2.5 10.0 0
+regs_lostlands [BlackPearl|Bloodmoss|Garlic|Ginseng|MandrakeRoot|Nightshade|SpidersSilk|SulfurousAsh]: 5144 2479 0 160 200 False 2.5 10.0 0
+regs_lostlands [BlackPearl|Bloodmoss|Garlic|Ginseng|MandrakeRoot|Nightshade|SpidersSilk|SulfurousAsh]: 5227 2336 0 160 200 False 2.5 10.0 0
+regs_lostlands [BlackPearl|Bloodmoss|Garlic|Ginseng|MandrakeRoot|Nightshade|SpidersSilk|SulfurousAsh]: 5537 2390 0 160 200 False 2.5 10.0 0
+regs_lostlands [BlackPearl|Bloodmoss|Garlic|Ginseng|MandrakeRoot|Nightshade|SpidersSilk|SulfurousAsh]: 5964 2382 0 160 200 False 2.5 10.0 0
+regs_lostlands [BlackPearl|Bloodmoss|Garlic|Ginseng|MandrakeRoot|Nightshade|SpidersSilk|SulfurousAsh]: 6039 2933 0 160 200 False 2.5 10.0 0
+regs_lostlands [BlackPearl|Bloodmoss|Garlic|Ginseng|MandrakeRoot|Nightshade|SpidersSilk|SulfurousAsh]: 5796 2727 0 160 200 False 2.5 10.0 0
+regs_lostlands [BlackPearl|Bloodmoss|Garlic|Ginseng|MandrakeRoot|Nightshade|SpidersSilk|SulfurousAsh]: 5714 3366 0 160 200 False 2.5 10.0 0
