+terathan_keep.map_balron [Balron|Dragon|Drake|Nightmare]: 5296 1561 0 1 20 False 5 15 0
+terathan_keep.map_ophidianarchmage [OphidianArchmage|OphidianKnight|OphidianMage|OphidianWarrior|OphidianMatriarch]: 5296 1562 0 1 20 False 5 15 0
+terathan_keep.map_terathanavenger [TerathanAvenger|TerathanDrone|TerathanMatriarch|TerathanWarrior]: 5297 1565 0 1 20 False 5 15 0
+terathan_keep.map_balron [Balron|Dragon|Drake|Nightmare]: 5342 1553 0 1 20 False 5 15 0
+terathan_keep.map_ophidianarchmage [OphidianArchmage|OphidianKnight|OphidianMage|OphidianWarrior|OphidianMatriarch]: 5342 1552 0 1 20 False 5 15 0
+terathan_keep.map_terathanavenger [TerathanAvenger|TerathanDrone|TerathanMatriarch|TerathanWarrior]: 5343 1551 0 1 20 False 5 15 0
+terathan_keep.map_balron [Balron|Dragon|Drake|Nightmare]: 5334 1613 0 1 20 False 5 15 0
+terathan_keep.map_ophidianarchmage [OphidianArchmage|OphidianKnight|OphidianMage|OphidianWarrior|OphidianMatriarch]: 5334 1614 0 1 20 False 5 15 0
+terathan_keep.map_terathanavenger [TerathanAvenger|TerathanDrone|TerathanMatriarch|TerathanWarrior]: 5335 1615 0 1 20 False 5 15 0
+terathan_keep.map_treasurechestlevel3 [TreasureChestLevel3]: 5348 1552 0 1 1 False 1 2 0
+terathan_keep.map_treasurechestlevel4 [TreasureChestLevel4]: 5345 1551 0 2 1 False 1 2 0
+terathan_keep.map_balron [Balron|Dragon|Drake|Nightmare]: 5344 1757 0 1 20 False 5 15 0
+terathan_keep.map_ophidianarchmage [OphidianArchmage|OphidianKnight|OphidianMage|OphidianWarrior|OphidianMatriarch]: 5345 1757 0 1 20 False 5 15 0
+terathan_keep.map_terathanavenger [TerathanAvenger|TerathanDrone|TerathanMatriarch|TerathanWarrior]: 5346 1756 0 1 20 False 5 15 0
+terathan_keep.map_balron [Balron|Dragon|Drake|Nightmare]: 5335 1706 0 1 20 False 5 15 0
+terathan_keep.map_ophidianarchmage [OphidianArchmage|OphidianKnight|OphidianMage|OphidianWarrior|OphidianMatriarch]: 5335 1707 0 1 20 False 5 15 0
+terathan_keep.map_terathanavenger [TerathanAvenger|TerathanDrone|TerathanMatriarch|TerathanWarrior]: 5336 1708 0 1 20 False 5 15 0
+terathan_keep.map_balron [Balron|Dragon|Drake|Nightmare]: 5270 1695 0 1 20 False 5 15 0
+terathan_keep.map_ophidianarchmage [OphidianArchmage|OphidianKnight|OphidianMage|OphidianWarrior|OphidianMatriarch]: 5270 1694 0 1 20 False 5 15 0
+terathan_keep.map_terathanavenger [TerathanAvenger|TerathanDrone|TerathanMatriarch|TerathanWarrior]: 5271 1693 0 1 20 False 5 15 0
+terathan_keep.map_treasurechestlevel3 [TreasureChestLevel3]: 5365 1707 0 1 1 False 1 2 0
+terathan_keep.map_treasurechestlevel4 [TreasureChestLevel4]: 5363 1709 0 2 1 False 1 2 0
+terathan_keep.map_balron [Balron|Dragon|Drake|Nightmare]: 5176 1702 0 1 20 False 5 15 0
+terathan_keep.map_ophidianarchmage [OphidianArchmage|OphidianKnight|OphidianMage|OphidianWarrior|OphidianMatriarch]: 5176 1701 0 1 20 False 5 15 0
+terathan_keep.map_terathanavenger [TerathanAvenger|TerathanDrone|TerathanMatriarch|TerathanWarrior]: 5177 1700 0 1 20 False 5 15 0
+terathan_keep.map_balron [Balron|Dragon|Drake|Nightmare]: 5132 1624 0 1 20 False 5 15 0
+terathan_keep.map_ophidianarchmage [OphidianArchmage|OphidianKnight|OphidianMage|OphidianWarrior|OphidianMatriarch]: 5132 1623 0 1 20 False 5 15 0
+terathan_keep.map_terathanavenger [TerathanAvenger|TerathanDrone|TerathanMatriarch|TerathanWarrior]: 5134 1625 0 1 20 False 5 15 0
+terathan_keep.map_balron [Balron|Dragon|Drake|Nightmare]: 5160 1586 0 1 20 False 5 15 0
+terathan_keep.map_ophidianarchmage [OphidianArchmage|OphidianKnight|OphidianMage|OphidianWarrior|OphidianMatriarch]: 5163 1585 0 1 20 False 5 15 0
+terathan_keep.map_terathanavenger [TerathanAvenger|TerathanDrone|TerathanMatriarch|TerathanWarrior]: 5161 1584 0 1 20 False 5 15 0
+terathan_keep.map_balron [Balron|Dragon|Drake|Nightmare]: 5200 1565 0 1 20 False 5 15 0
+terathan_keep.map_ophidianarchmage [OphidianArchmage|OphidianKnight|OphidianMage|OphidianWarrior|OphidianMatriarch]: 5201 1566 0 1 20 False 5 15 0
+terathan_keep.map_terathanavenger [TerathanAvenger|TerathanDrone|TerathanMatriarch|TerathanWarrior]: 5200 1568 0 1 20 False 5 15 0
+ophidianarchmage [OphidianArchmage|OphidianKnight|OphidianMage|OphidianWarrior|OphidianMatriarch]: 5181 1579 0 1 20 False 5 15 0
+terathan_keep.map_treasurechestlevel4 [TreasureChestLevel4]: 5336 1566 0 2 1 False 1 2 0
+terathan_keep.map_ophidianarchmage [OphidianArchmage|OphidianKnight|OphidianMage|OphidianWarrior|OphidianMatriarch]: 5150 1707 0 1 20 False 5 15 0
+terathan_keep.map_ophidianarchmage [OphidianArchmage|OphidianKnight|OphidianMage|OphidianWarrior|OphidianMatriarch]: 5146 1666 0 1 20 False 5 15 0
+terathan_keep.map_ophidianarchmage [OphidianArchmage|OphidianKnight|OphidianMage|OphidianWarrior|OphidianMatriarch]: 5181 1643 0 1 20 False 5 15 0
+terathan_keep.map_ophidianarchmage [OphidianArchmage|OphidianKnight|OphidianMage|OphidianWarrior|OphidianMatriarch]: 5130 1660 0 1 20 False 5 15 0
+terathan_keep.map_ophidianarchmage [OphidianArchmage|OphidianKnight|OphidianMage|OphidianWarrior|OphidianMatriarch]: 5166 1611 0 1 20 False 5 15 0
+terathan_keep.map_ophidianarchmage [OphidianArchmage|OphidianKnight|OphidianMage|OphidianWarrior|OphidianMatriarch]: 5230 1590 0 1 20 False 5 15 0
+terathan_keep.map_ophidianarchmage [OphidianArchmage|OphidianKnight|OphidianMage|OphidianWarrior|OphidianMatriarch]: 5216 1609 0 1 20 False 5 15 0
+terathan_keep.map_ophidianarchmage [OphidianArchmage|OphidianKnight|OphidianMage|OphidianWarrior|OphidianMatriarch]: 5219 1636 0 1 20 False 5 15 0
+terathan_keep.map_balron [Balron|Dragon|Drake|Nightmare]: 5209 1685 0 1 20 False 5 15 0
+terathan_keep.map_treasurechestlevel3 [TreasureChestLevel3]: 5322 1754 0 1 1 False 1 2 0
+terathan_keep.map_terathanavenger [TerathanAvenger|TerathanDrone|TerathanMatriarch|TerathanWarrior]: 5156 1709 0 5 30 False 5 15 0
+terathan_keep.map_terathanavenger [TerathanAvenger|TerathanDrone|TerathanMatriarch|TerathanWarrior]: 5214 1664 0 5 30 False 5 15 0
+terathan_keep.map_terathanavenger [TerathanAvenger|TerathanDrone|TerathanMatriarch|TerathanWarrior]: 5290 1722 0 5 30 False 5 15 0
+terathan_keep.map_ophidianarchmage [OphidianArchmage|OphidianKnight|OphidianMage|OphidianWarrior|OphidianMatriarch]: 5147 1611 0 5 20 False 5 15 0
+terathan_keep.map_ophidianarchmage [OphidianArchmage|OphidianKnight|OphidianMage|OphidianWarrior|OphidianMatriarch]: 5132 1586 0 5 20 False 5 15 0
+terathan_keep.map_ophidianarchmage [OphidianArchmage|OphidianKnight|OphidianMage|OphidianWarrior|OphidianMatriarch]: 5173 1556 0 5 20 False 5 15 0
+terathan_keep.map_terathanavenger [TerathanAvenger|TerathanDrone|TerathanMatriarch|TerathanWarrior]: 5308 1616 0 5 30 False 5 15 0
+terathan_keep.map_terathanavenger [TerathanAvenger|TerathanDrone|TerathanMatriarch|TerathanWarrior]: 5335 1632 0 5 30 False 5 15 0
+terathan_keep.map_terathanavenger [TerathanAvenger|TerathanDrone|TerathanMatriarch|TerathanWarrior]: 5307 1658 0 5 30 False 5 15 0
+terathan_keep.map_ophidianarchmage [OphidianArchmage|OphidianKnight|OphidianMage|OphidianWarrior|OphidianMatriarch]: 5327 1720 0 3 20 False 5 15 0
+terathan_keep.map_ophidianarchmage [OphidianArchmage|OphidianKnight|OphidianMage|OphidianWarrior|OphidianMatriarch]: 5317 1600 0 3 20 False 5 15 0
+terathan_keep.map_ophidianarchmage [OphidianArchmage|OphidianKnight|OphidianMage|OphidianWarrior|OphidianMatriarch]: 5350 1619 0 3 20 False 5 15 0
+terathan_keep.map_ophidianarchmage [OphidianArchmage|OphidianKnight|OphidianMage|OphidianWarrior|OphidianMatriarch]: 5288 1573 0 3 20 False 5 15 0
+terathan_keep.map_ophidianarchmage [OphidianArchmage|OphidianKnight|OphidianMage|OphidianWarrior|OphidianMatriarch]: 5329 1555 0 3 20 False 5 15 0
+terathan_keep.map_ophidianarchmage [OphidianArchmage|OphidianKnight|OphidianMage|OphidianWarrior|OphidianMatriarch]: 5192 1609 0 3 20 False 5 15 0
